// Jest Snapshot v1, https://goo.gl/fbAQLP

exports[`Pruebas en SearchScreen debe de mostrarse correctamente con valores por defecto 1`] = `
<div>
  <h1>
    SearchScreen
  </h1>
  <div
    className="row"
  >
    <div
      className="col-5"
    >
      <h4>
        Search a hero
      </h4>
      <hr />
      <form
        onSubmit={[Function]}
      >
        <input
          autoComplete="off"
          className="form-control"
          name="search"
          onChange={[Function]}
          placeholder="Search..."
          type="text"
          value=""
        />
        <button
          className="btn m-1 btn-block btn-outline-primary"
          type="submit"
        >
          Search
        </button>
      </form>
    </div>
    <div
      className="col-7 animate__animated animate__fadeIn"
    >
      <h4>
        Results
      </h4>
      <hr />
      <div
        className="alert alert-info "
      >
        Search a hero.
      </div>
    </div>
  </div>
</div>
`;

exports[`Pruebas en SearchScreen debe mostrar a batman y el input con el valor del queryString 1`] = `
<div>
  <h1>
    SearchScreen
  </h1>
  <div
    className="row"
  >
    <div
      className="col-5"
    >
      <h4>
        Search a hero
      </h4>
      <hr />
      <form
        onSubmit={[Function]}
      >
        <input
          autoComplete="off"
          className="form-control"
          name="search"
          onChange={[Function]}
          placeholder="Search..."
          type="text"
          value="batman"
        />
        <button
          className="btn m-1 btn-block btn-outline-primary"
          type="submit"
        >
          Search
        </button>
      </form>
    </div>
    <div
      className="col-7 animate__animated animate__fadeIn"
    >
      <h4>
        Results
      </h4>
      <hr />
      <div
        className="card col-lg-4 col-12 mb-3"
        style={
          Object {
            "maxWidth": 540,
          }
        }
      >
        <div
          className="row g-0"
        >
          <div
            className="col-md-4"
          >
            <img
              alt="Batman"
              className="card-img"
            />
          </div>
          <div
            className="col-md-8"
          >
            <div
              className="card-body"
            >
              <h5
                className="card-title"
              >
                Batman
              </h5>
              <p
                className="card-text"
              >
                Bruce Wayne
              </p>
              <p
                className="card-text"
              >
                <small
                  className="text-muted"
                >
                  Detective Comics #27
                </small>
              </p>
              <a
                href="/hero/dc-batman"
                onClick={[Function]}
              >
                MÃ¡s...
              </a>
            </div>
          </div>
        </div>
      </div>
    </div>
  </div>
</div>
`;
